Release 14.7 - xst P.20131013 (lin64)
Copyright (c) 1995-2013 Xilinx, Inc.  All rights reserved.
--> 
Parameter TMPDIR set to xst/projnav.tmp


Total REAL time to Xst completion: 0.00 secs
Total CPU time to Xst completion: 0.05 secs
 
--> 
Parameter xsthdpdir set to xst


Total REAL time to Xst completion: 0.00 secs
Total CPU time to Xst completion: 0.05 secs
 
--> 
Reading design: adatiox4.prj

TABLE OF CONTENTS
  1) Synthesis Options Summary
  2) HDL Parsing
  3) HDL Elaboration
  4) HDL Synthesis
       4.1) HDL Synthesis Report
  5) Advanced HDL Synthesis
       5.1) Advanced HDL Synthesis Report
  6) Low Level Synthesis
  7) Partition Report
  8) Design Summary
       8.1) Primitive and Black Box Usage
       8.2) Device utilization summary
       8.3) Partition Resource Summary
       8.4) Timing Report
            8.4.1) Clock Information
            8.4.2) Asynchronous Control Signals Information
            8.4.3) Timing Summary
            8.4.4) Timing Details
            8.4.5) Cross Clock Domains Report


=========================================================================
*                      Synthesis Options Summary                        *
=========================================================================
---- Source Parameters
Input File Name                    : "adatiox4.prj"
Ignore Synthesis Constraint File   : NO

---- Target Parameters
Output File Name                   : "adatiox4"
Output Format                      : NGC
Target Device                      : xc6slx9-3-tqg144

---- Source Options
Top Module Name                    : adatiox4
Automatic FSM Extraction           : YES
FSM Encoding Algorithm             : Auto
Safe Implementation                : No
FSM Style                          : LUT
RAM Extraction                     : Yes
RAM Style                          : Auto
ROM Extraction                     : Yes
Shift Register Extraction          : YES
ROM Style                          : Auto
Resource Sharing                   : YES
Asynchronous To Synchronous        : NO
Shift Register Minimum Size        : 2
Use DSP Block                      : Auto
Automatic Register Balancing       : No

---- Target Options
LUT Combining                      : Auto
Reduce Control Sets                : Auto
Add IO Buffers                     : YES
Global Maximum Fanout              : 100000
Add Generic Clock Buffer(BUFG)     : 16
Register Duplication               : YES
Optimize Instantiated Primitives   : NO
Use Clock Enable                   : Auto
Use Synchronous Set                : Auto
Use Synchronous Reset              : Auto
Pack IO Registers into IOBs        : Auto
Equivalent register Removal        : YES

---- General Options
Optimization Goal                  : Speed
Optimization Effort                : 1
Power Reduction                    : NO
Keep Hierarchy                     : No
Netlist Hierarchy                  : As_Optimized
RTL Output                         : Yes
Global Optimization                : AllClockNets
Read Cores                         : YES
Write Timing Constraints           : NO
Cross Clock Analysis               : NO
Hierarchy Separator                : /
Bus Delimiter                      : <>
Case Specifier                     : Maintain
Slice Utilization Ratio            : 100
BRAM Utilization Ratio             : 100
DSP48 Utilization Ratio            : 100
Auto BRAM Packing                  : NO
Slice Utilization Ratio Delta      : 5

=========================================================================


=========================================================================
*                          HDL Parsing                                  *
=========================================================================
Parsing VHDL file "/media/psf/Home/Documents/KiCAD/projekte/freeDSP/freeDSPx-ADAT-IO-x4/SOURCES/VHDL/src/tdmtx.vhdl" into library work
Parsing entity <tdmtx>.
Parsing architecture <Behavioral> of entity <tdmtx>.
Parsing VHDL file "/media/psf/Home/Documents/KiCAD/projekte/freeDSP/freeDSPx-ADAT-IO-x4/SOURCES/VHDL/src/tdmrx.vhdl" into library work
Parsing entity <tdmrx>.
Parsing architecture <Behavioral> of entity <tdmrx>.
Parsing VHDL file "/media/psf/Home/Documents/KiCAD/projekte/freeDSP/freeDSPx-ADAT-IO-x4/SOURCES/VHDL/src/adattx.vhdl" into library work
Parsing entity <adattx>.
Parsing architecture <Behavioral> of entity <adattx>.
Parsing VHDL file "/media/psf/Home/Documents/KiCAD/projekte/freeDSP/freeDSPx-ADAT-IO-x4/SOURCES/VHDL/src/adatrx.vhdl" into library work
Parsing entity <adatrx>.
Parsing architecture <Behavioral> of entity <adatrx>.
Parsing VHDL file "/media/psf/Home/Documents/KiCAD/projekte/freeDSP/freeDSPx-ADAT-IO-x4/SOURCES/VHDL/src/adatiox4.vhdl" into library work
Parsing entity <adatiox4>.
Parsing architecture <Behavioral> of entity <adatiox4>.

=========================================================================
*                            HDL Elaboration                            *
=========================================================================

Elaborating entity <adatiox4> (architecture <Behavioral>) from library <work>.

Elaborating entity <tdmrx> (architecture <Behavioral>) from library <work>.

Elaborating entity <adattx> (architecture <Behavioral>) from library <work>.
WARNING:HDLCompiler:1127 - "/media/psf/Home/Documents/KiCAD/projekte/freeDSP/freeDSPx-ADAT-IO-x4/SOURCES/VHDL/src/adattx.vhdl" Line 53: Assignment to nrziin ignored, since the identifier is never used

Elaborating entity <adatrx> (architecture <Behavioral>) from library <work>.

Elaborating entity <tdmtx> (architecture <Behavioral>) from library <work>.

=========================================================================
*                           HDL Synthesis                               *
=========================================================================

Synthesizing Unit <adatiox4>.
    Related source file is "/media/psf/Home/Documents/KiCAD/projekte/freeDSP/freeDSPx-ADAT-IO-x4/SOURCES/VHDL/src/adatiox4.vhdl".
INFO:Xst:3210 - "/media/psf/Home/Documents/KiCAD/projekte/freeDSP/freeDSPx-ADAT-IO-x4/SOURCES/VHDL/src/adatiox4.vhdl" line 346: Output port <userbits> of the instance <adatrx1> is unconnected or connected to loadless signal.
INFO:Xst:3210 - "/media/psf/Home/Documents/KiCAD/projekte/freeDSP/freeDSPx-ADAT-IO-x4/SOURCES/VHDL/src/adatiox4.vhdl" line 346: Output port <sync> of the instance <adatrx1> is unconnected or connected to loadless signal.
INFO:Xst:3210 - "/media/psf/Home/Documents/KiCAD/projekte/freeDSP/freeDSPx-ADAT-IO-x4/SOURCES/VHDL/src/adatiox4.vhdl" line 365: Output port <userbits> of the instance <adatrx2> is unconnected or connected to loadless signal.
INFO:Xst:3210 - "/media/psf/Home/Documents/KiCAD/projekte/freeDSP/freeDSPx-ADAT-IO-x4/SOURCES/VHDL/src/adatiox4.vhdl" line 365: Output port <sync> of the instance <adatrx2> is unconnected or connected to loadless signal.
INFO:Xst:3210 - "/media/psf/Home/Documents/KiCAD/projekte/freeDSP/freeDSPx-ADAT-IO-x4/SOURCES/VHDL/src/adatiox4.vhdl" line 384: Output port <userbits> of the instance <adatrx3> is unconnected or connected to loadless signal.
INFO:Xst:3210 - "/media/psf/Home/Documents/KiCAD/projekte/freeDSP/freeDSPx-ADAT-IO-x4/SOURCES/VHDL/src/adatiox4.vhdl" line 384: Output port <sync> of the instance <adatrx3> is unconnected or connected to loadless signal.
INFO:Xst:3210 - "/media/psf/Home/Documents/KiCAD/projekte/freeDSP/freeDSPx-ADAT-IO-x4/SOURCES/VHDL/src/adatiox4.vhdl" line 403: Output port <userbits> of the instance <adatrx4> is unconnected or connected to loadless signal.
INFO:Xst:3210 - "/media/psf/Home/Documents/KiCAD/projekte/freeDSP/freeDSPx-ADAT-IO-x4/SOURCES/VHDL/src/adatiox4.vhdl" line 403: Output port <sync> of the instance <adatrx4> is unconnected or connected to loadless signal.
    Found 1-bit register for signal <bclk>.
    Found 1-bit register for signal <wclk>.
    Found 1-bit register for signal <ce12M>.
    Found 1-bit register for signal <bclk_cnt>.
    Found 1-bit register for signal <ce48k>.
    Found 9-bit register for signal <wclk_cnt>.
    Found 9-bit register for signal <icntr>.
    Found 9-bit adder for signal <icntr[8]_GND_4_o_add_0_OUT> created at line 1241.
    Found 1-bit adder for signal <bclk_cnt[0]_PWR_4_o_add_4_OUT<0>> created at line 530.
    Found 9-bit adder for signal <wclk_cnt[8]_GND_4_o_add_6_OUT> created at line 553.
    Summary:
	inferred   3 Adder/Subtractor(s).
	inferred  23 D-type flip-flop(s).
Unit <adatiox4> synthesized.

Synthesizing Unit <tdmrx>.
    Related source file is "/media/psf/Home/Documents/KiCAD/projekte/freeDSP/freeDSPx-ADAT-IO-x4/SOURCES/VHDL/src/tdmrx.vhdl".
    Found 24-bit register for signal <chn1>.
    Found 24-bit register for signal <chn2>.
    Found 24-bit register for signal <chn3>.
    Found 24-bit register for signal <chn4>.
    Found 24-bit register for signal <chn5>.
    Found 24-bit register for signal <chn6>.
    Found 24-bit register for signal <chn7>.
    Found 24-bit register for signal <chn8>.
    Found 256-bit register for signal <shiftreg>.
    Summary:
	inferred 448 D-type flip-flop(s).
Unit <tdmrx> synthesized.

Synthesizing Unit <adattx>.
    Related source file is "/media/psf/Home/Documents/KiCAD/projekte/freeDSP/freeDSPx-ADAT-IO-x4/SOURCES/VHDL/src/adattx.vhdl".
WARNING:Xst:647 - Input <ce48k> is never used. This port will be preserved and left unconnected if it belongs to a top-level block or it belongs to a sub-block and the hierarchy of this sub-block is preserved.
    Found 1-bit register for signal <qint>.
    Found 1-bit register for signal <adatout>.
    Found 30-bit register for signal <adatFrame>.
    Summary:
	inferred  32 D-type flip-flop(s).
Unit <adattx> synthesized.

Synthesizing Unit <adatrx>.
    Related source file is "/media/psf/Home/Documents/KiCAD/projekte/freeDSP/freeDSPx-ADAT-IO-x4/SOURCES/VHDL/src/adatrx.vhdl".
WARNING:Xst:647 - Input <icntr> is never used. This port will be preserved and left unconnected if it belongs to a top-level block or it belongs to a sub-block and the hierarchy of this sub-block is preserved.
    Found 1-bit register for signal <dint>.
    Found 1-bit register for signal <sync>.
    Found 4-bit register for signal <iuserbits>.
    Found 24-bit register for signal <ichn1>.
    Found 24-bit register for signal <ichn2>.
    Found 24-bit register for signal <ichn3>.
    Found 24-bit register for signal <ichn4>.
    Found 24-bit register for signal <ichn5>.
    Found 24-bit register for signal <ichn6>.
    Found 24-bit register for signal <ichn7>.
    Found 24-bit register for signal <ichn8>.
    Found 24-bit register for signal <chn1>.
    Found 24-bit register for signal <chn2>.
    Found 24-bit register for signal <chn3>.
    Found 24-bit register for signal <chn4>.
    Found 24-bit register for signal <chn5>.
    Found 24-bit register for signal <chn6>.
    Found 24-bit register for signal <chn7>.
    Found 24-bit register for signal <chn8>.
    Found 4-bit register for signal <userbits>.
    Found 256-bit register for signal <adatFrame>.
    Summary:
	inferred 650 D-type flip-flop(s).
Unit <adatrx> synthesized.

Synthesizing Unit <tdmtx>.
    Related source file is "/media/psf/Home/Documents/KiCAD/projekte/freeDSP/freeDSPx-ADAT-IO-x4/SOURCES/VHDL/src/tdmtx.vhdl".
WARNING:Xst:647 - Input <icntr> is never used. This port will be preserved and left unconnected if it belongs to a top-level block or it belongs to a sub-block and the hierarchy of this sub-block is preserved.
    Found 1-bit register for signal <tdmout>.
    Found 256-bit register for signal <shiftreg>.
    Summary:
	inferred 257 D-type flip-flop(s).
	inferred 510 Multiplexer(s).
Unit <tdmtx> synthesized.

=========================================================================
HDL Synthesis Report

Macro Statistics
# Adders/Subtractors                                   : 3
 1-bit adder                                           : 1
 9-bit adder                                           : 2
# Registers                                            : 147
 1-bit register                                        : 25
 24-bit register                                       : 96
 256-bit register                                      : 12
 30-bit register                                       : 4
 4-bit register                                        : 8
 9-bit register                                        : 2
# Multiplexers                                         : 2040
 1-bit 2-to-1 multiplexer                              : 2040
# Xors                                                 : 4
 1-bit xor2                                            : 4

=========================================================================

=========================================================================
*                       Advanced HDL Synthesis                          *
=========================================================================

INFO:Xst:2261 - The FF/Latch <qint> in Unit <adattx1> is equivalent to the following FF/Latch, which will be removed : <adatout> 
INFO:Xst:2261 - The FF/Latch <qint> in Unit <adattx2> is equivalent to the following FF/Latch, which will be removed : <adatout> 
INFO:Xst:2261 - The FF/Latch <qint> in Unit <adattx3> is equivalent to the following FF/Latch, which will be removed : <adatout> 
INFO:Xst:2261 - The FF/Latch <qint> in Unit <adattx4> is equivalent to the following FF/Latch, which will be removed : <adatout> 
WARNING:Xst:1710 - FF/Latch <shiftreg_0> (without init value) has a constant value of 0 in block <tdmtx1>. This FF/Latch will be trimmed during the optimization process.
WARNING:Xst:1710 - FF/Latch <shiftreg_0> (without init value) has a constant value of 0 in block <tdmtx2>. This FF/Latch will be trimmed during the optimization process.
WARNING:Xst:1710 - FF/Latch <shiftreg_0> (without init value) has a constant value of 0 in block <tdmtx3>. This FF/Latch will be trimmed during the optimization process.
WARNING:Xst:1710 - FF/Latch <shiftreg_0> (without init value) has a constant value of 0 in block <tdmtx4>. This FF/Latch will be trimmed during the optimization process.
WARNING:Xst:2677 - Node <shiftreg_255> of sequential type is unconnected in block <tdmrx1>.
WARNING:Xst:2677 - Node <shiftreg_255> of sequential type is unconnected in block <tdmrx2>.
WARNING:Xst:2677 - Node <shiftreg_255> of sequential type is unconnected in block <tdmrx3>.
WARNING:Xst:2677 - Node <shiftreg_255> of sequential type is unconnected in block <tdmrx4>.
WARNING:Xst:2677 - Node <adatFrame_29> of sequential type is unconnected in block <adattx1>.
WARNING:Xst:2677 - Node <adatFrame_29> of sequential type is unconnected in block <adattx2>.
WARNING:Xst:2677 - Node <adatFrame_29> of sequential type is unconnected in block <adattx3>.
WARNING:Xst:2677 - Node <adatFrame_29> of sequential type is unconnected in block <adattx4>.
WARNING:Xst:2677 - Node <adatFrame_250> of sequential type is unconnected in block <adatrx1>.
WARNING:Xst:2677 - Node <adatFrame_251> of sequential type is unconnected in block <adatrx1>.
WARNING:Xst:2677 - Node <adatFrame_252> of sequential type is unconnected in block <adatrx1>.
WARNING:Xst:2677 - Node <adatFrame_253> of sequential type is unconnected in block <adatrx1>.
WARNING:Xst:2677 - Node <adatFrame_254> of sequential type is unconnected in block <adatrx1>.
WARNING:Xst:2677 - Node <adatFrame_255> of sequential type is unconnected in block <adatrx1>.
WARNING:Xst:2677 - Node <adatFrame_250> of sequential type is unconnected in block <adatrx2>.
WARNING:Xst:2677 - Node <adatFrame_251> of sequential type is unconnected in block <adatrx2>.
WARNING:Xst:2677 - Node <adatFrame_252> of sequential type is unconnected in block <adatrx2>.
WARNING:Xst:2677 - Node <adatFrame_253> of sequential type is unconnected in block <adatrx2>.
WARNING:Xst:2677 - Node <adatFrame_254> of sequential type is unconnected in block <adatrx2>.
WARNING:Xst:2677 - Node <adatFrame_255> of sequential type is unconnected in block <adatrx2>.
WARNING:Xst:2677 - Node <adatFrame_250> of sequential type is unconnected in block <adatrx3>.
WARNING:Xst:2677 - Node <adatFrame_251> of sequential type is unconnected in block <adatrx3>.
WARNING:Xst:2677 - Node <adatFrame_252> of sequential type is unconnected in block <adatrx3>.
WARNING:Xst:2677 - Node <adatFrame_253> of sequential type is unconnected in block <adatrx3>.
WARNING:Xst:2677 - Node <adatFrame_254> of sequential type is unconnected in block <adatrx3>.
WARNING:Xst:2677 - Node <adatFrame_255> of sequential type is unconnected in block <adatrx3>.
WARNING:Xst:2677 - Node <adatFrame_250> of sequential type is unconnected in block <adatrx4>.
WARNING:Xst:2677 - Node <adatFrame_251> of sequential type is unconnected in block <adatrx4>.
WARNING:Xst:2677 - Node <adatFrame_252> of sequential type is unconnected in block <adatrx4>.
WARNING:Xst:2677 - Node <adatFrame_253> of sequential type is unconnected in block <adatrx4>.
WARNING:Xst:2677 - Node <adatFrame_254> of sequential type is unconnected in block <adatrx4>.
WARNING:Xst:2677 - Node <adatFrame_255> of sequential type is unconnected in block <adatrx4>.

Synthesizing (advanced) Unit <adatiox4>.
The following registers are absorbed into counter <bclk_cnt_0>: 1 register on signal <bclk_cnt_0>.
The following registers are absorbed into counter <icntr>: 1 register on signal <icntr>.
The following registers are absorbed into counter <wclk_cnt>: 1 register on signal <wclk_cnt>.
Unit <adatiox4> synthesized (advanced).
WARNING:Xst:2677 - Node <shiftreg_255> of sequential type is unconnected in block <tdmrx>.
WARNING:Xst:2677 - Node <adatFrame_29> of sequential type is unconnected in block <adattx>.
WARNING:Xst:2677 - Node <shiftreg_255> of sequential type is unconnected in block <tdmtx>.

=========================================================================
Advanced HDL Synthesis Report

Macro Statistics
# Counters                                             : 3
 1-bit up counter                                      : 1
 9-bit up counter                                      : 2
# Registers                                            : 5540
 Flip-Flops                                            : 5540
# Multiplexers                                         : 2036
 1-bit 2-to-1 multiplexer                              : 2036
# Xors                                                 : 4
 1-bit xor2                                            : 4

=========================================================================

=========================================================================
*                         Low Level Synthesis                           *
=========================================================================
WARNING:Xst:1710 - FF/Latch <shiftreg_0> (without init value) has a constant value of 0 in block <tdmtx>. This FF/Latch will be trimmed during the optimization process.
INFO:Xst:2261 - The FF/Latch <qint> in Unit <adattx> is equivalent to the following FF/Latch, which will be removed : <adatout> 
WARNING:Xst:2677 - Node <adatrx4/userbits_3> of sequential type is unconnected in block <adatiox4>.
WARNING:Xst:2677 - Node <adatrx4/userbits_2> of sequential type is unconnected in block <adatiox4>.
WARNING:Xst:2677 - Node <adatrx4/userbits_1> of sequential type is unconnected in block <adatiox4>.
WARNING:Xst:2677 - Node <adatrx4/userbits_0> of sequential type is unconnected in block <adatiox4>.
WARNING:Xst:2677 - Node <adatrx4/iuserbits_3> of sequential type is unconnected in block <adatiox4>.
WARNING:Xst:2677 - Node <adatrx4/iuserbits_2> of sequential type is unconnected in block <adatiox4>.
WARNING:Xst:2677 - Node <adatrx4/iuserbits_1> of sequential type is unconnected in block <adatiox4>.
WARNING:Xst:2677 - Node <adatrx4/iuserbits_0> of sequential type is unconnected in block <adatiox4>.
WARNING:Xst:2677 - Node <adatrx4/adatFrame_255> of sequential type is unconnected in block <adatiox4>.
WARNING:Xst:2677 - Node <adatrx4/adatFrame_254> of sequential type is unconnected in block <adatiox4>.
WARNING:Xst:2677 - Node <adatrx4/adatFrame_253> of sequential type is unconnected in block <adatiox4>.
WARNING:Xst:2677 - Node <adatrx4/adatFrame_252> of sequential type is unconnected in block <adatiox4>.
WARNING:Xst:2677 - Node <adatrx4/adatFrame_251> of sequential type is unconnected in block <adatiox4>.
WARNING:Xst:2677 - Node <adatrx4/adatFrame_250> of sequential type is unconnected in block <adatiox4>.
WARNING:Xst:2677 - Node <adatrx4/sync> of sequential type is unconnected in block <adatiox4>.
WARNING:Xst:2677 - Node <adatrx3/userbits_3> of sequential type is unconnected in block <adatiox4>.
WARNING:Xst:2677 - Node <adatrx3/userbits_2> of sequential type is unconnected in block <adatiox4>.
WARNING:Xst:2677 - Node <adatrx3/userbits_1> of sequential type is unconnected in block <adatiox4>.
WARNING:Xst:2677 - Node <adatrx3/userbits_0> of sequential type is unconnected in block <adatiox4>.
WARNING:Xst:2677 - Node <adatrx3/iuserbits_3> of sequential type is unconnected in block <adatiox4>.
WARNING:Xst:2677 - Node <adatrx3/iuserbits_2> of sequential type is unconnected in block <adatiox4>.
WARNING:Xst:2677 - Node <adatrx3/iuserbits_1> of sequential type is unconnected in block <adatiox4>.
WARNING:Xst:2677 - Node <adatrx3/iuserbits_0> of sequential type is unconnected in block <adatiox4>.
WARNING:Xst:2677 - Node <adatrx3/adatFrame_255> of sequential type is unconnected in block <adatiox4>.
WARNING:Xst:2677 - Node <adatrx3/adatFrame_254> of sequential type is unconnected in block <adatiox4>.
WARNING:Xst:2677 - Node <adatrx3/adatFrame_253> of sequential type is unconnected in block <adatiox4>.
WARNING:Xst:2677 - Node <adatrx3/adatFrame_252> of sequential type is unconnected in block <adatiox4>.
WARNING:Xst:2677 - Node <adatrx3/adatFrame_251> of sequential type is unconnected in block <adatiox4>.
WARNING:Xst:2677 - Node <adatrx3/adatFrame_250> of sequential type is unconnected in block <adatiox4>.
WARNING:Xst:2677 - Node <adatrx3/sync> of sequential type is unconnected in block <adatiox4>.
WARNING:Xst:2677 - Node <adatrx2/userbits_3> of sequential type is unconnected in block <adatiox4>.
WARNING:Xst:2677 - Node <adatrx2/userbits_2> of sequential type is unconnected in block <adatiox4>.
WARNING:Xst:2677 - Node <adatrx2/userbits_1> of sequential type is unconnected in block <adatiox4>.
WARNING:Xst:2677 - Node <adatrx2/userbits_0> of sequential type is unconnected in block <adatiox4>.
WARNING:Xst:2677 - Node <adatrx2/iuserbits_3> of sequential type is unconnected in block <adatiox4>.
WARNING:Xst:2677 - Node <adatrx2/iuserbits_2> of sequential type is unconnected in block <adatiox4>.
WARNING:Xst:2677 - Node <adatrx2/iuserbits_1> of sequential type is unconnected in block <adatiox4>.
WARNING:Xst:2677 - Node <adatrx2/iuserbits_0> of sequential type is unconnected in block <adatiox4>.
WARNING:Xst:2677 - Node <adatrx2/adatFrame_255> of sequential type is unconnected in block <adatiox4>.
WARNING:Xst:2677 - Node <adatrx2/adatFrame_254> of sequential type is unconnected in block <adatiox4>.
WARNING:Xst:2677 - Node <adatrx2/adatFrame_253> of sequential type is unconnected in block <adatiox4>.
WARNING:Xst:2677 - Node <adatrx2/adatFrame_252> of sequential type is unconnected in block <adatiox4>.
WARNING:Xst:2677 - Node <adatrx2/adatFrame_251> of sequential type is unconnected in block <adatiox4>.
WARNING:Xst:2677 - Node <adatrx2/adatFrame_250> of sequential type is unconnected in block <adatiox4>.
WARNING:Xst:2677 - Node <adatrx2/sync> of sequential type is unconnected in block <adatiox4>.
WARNING:Xst:2677 - Node <adatrx1/userbits_3> of sequential type is unconnected in block <adatiox4>.
WARNING:Xst:2677 - Node <adatrx1/userbits_2> of sequential type is unconnected in block <adatiox4>.
WARNING:Xst:2677 - Node <adatrx1/userbits_1> of sequential type is unconnected in block <adatiox4>.
WARNING:Xst:2677 - Node <adatrx1/userbits_0> of sequential type is unconnected in block <adatiox4>.
WARNING:Xst:2677 - Node <adatrx1/iuserbits_3> of sequential type is unconnected in block <adatiox4>.
WARNING:Xst:2677 - Node <adatrx1/iuserbits_2> of sequential type is unconnected in block <adatiox4>.
WARNING:Xst:2677 - Node <adatrx1/iuserbits_1> of sequential type is unconnected in block <adatiox4>.
WARNING:Xst:2677 - Node <adatrx1/iuserbits_0> of sequential type is unconnected in block <adatiox4>.
WARNING:Xst:2677 - Node <adatrx1/adatFrame_255> of sequential type is unconnected in block <adatiox4>.
WARNING:Xst:2677 - Node <adatrx1/adatFrame_254> of sequential type is unconnected in block <adatiox4>.
WARNING:Xst:2677 - Node <adatrx1/adatFrame_253> of sequential type is unconnected in block <adatiox4>.
WARNING:Xst:2677 - Node <adatrx1/adatFrame_252> of sequential type is unconnected in block <adatiox4>.
WARNING:Xst:2677 - Node <adatrx1/adatFrame_251> of sequential type is unconnected in block <adatiox4>.
WARNING:Xst:2677 - Node <adatrx1/adatFrame_250> of sequential type is unconnected in block <adatiox4>.
WARNING:Xst:2677 - Node <adatrx1/sync> of sequential type is unconnected in block <adatiox4>.
WARNING:Xst:1710 - FF/Latch <shiftreg_1> (without init value) has a constant value of 0 in block <tdmtx>. This FF/Latch will be trimmed during the optimization process.
WARNING:Xst:1895 - Due to other FF/Latch trimming, FF/Latch <shiftreg_2> (without init value) has a constant value of 0 in block <tdmtx>. This FF/Latch will be trimmed during the optimization process.
WARNING:Xst:1895 - Due to other FF/Latch trimming, FF/Latch <shiftreg_3> (without init value) has a constant value of 0 in block <tdmtx>. This FF/Latch will be trimmed during the optimization process.
WARNING:Xst:1895 - Due to other FF/Latch trimming, FF/Latch <shiftreg_4> (without init value) has a constant value of 0 in block <tdmtx>. This FF/Latch will be trimmed during the optimization process.
WARNING:Xst:1895 - Due to other FF/Latch trimming, FF/Latch <shiftreg_5> (without init value) has a constant value of 0 in block <tdmtx>. This FF/Latch will be trimmed during the optimization process.
WARNING:Xst:1895 - Due to other FF/Latch trimming, FF/Latch <shiftreg_6> (without init value) has a constant value of 0 in block <tdmtx>. This FF/Latch will be trimmed during the optimization process.
WARNING:Xst:1895 - Due to other FF/Latch trimming, FF/Latch <shiftreg_7> (without init value) has a constant value of 0 in block <tdmtx>. This FF/Latch will be trimmed during the optimization process.

Optimizing unit <tdmrx> ...

Optimizing unit <adatiox4> ...

Optimizing unit <adattx> ...

Optimizing unit <tdmtx> ...
INFO:Xst:2261 - The FF/Latch <wclk_cnt_1> in Unit <adatiox4> is equivalent to the following FF/Latch, which will be removed : <icntr_1> 
INFO:Xst:2261 - The FF/Latch <wclk_cnt_2> in Unit <adatiox4> is equivalent to the following FF/Latch, which will be removed : <icntr_2> 
INFO:Xst:2261 - The FF/Latch <wclk_cnt_3> in Unit <adatiox4> is equivalent to the following FF/Latch, which will be removed : <icntr_3> 
INFO:Xst:2261 - The FF/Latch <wclk_cnt_4> in Unit <adatiox4> is equivalent to the following FF/Latch, which will be removed : <icntr_4> 
INFO:Xst:2261 - The FF/Latch <wclk_cnt_5> in Unit <adatiox4> is equivalent to the following FF/Latch, which will be removed : <icntr_5> 
INFO:Xst:2261 - The FF/Latch <wclk_cnt_6> in Unit <adatiox4> is equivalent to the following FF/Latch, which will be removed : <icntr_6> 
INFO:Xst:2261 - The FF/Latch <wclk_cnt_7> in Unit <adatiox4> is equivalent to the following FF/Latch, which will be removed : <icntr_7> 
INFO:Xst:2261 - The FF/Latch <wclk_cnt_8> in Unit <adatiox4> is equivalent to the following FF/Latch, which will be removed : <icntr_8> 
INFO:Xst:2261 - The FF/Latch <bclk> in Unit <adatiox4> is equivalent to the following 3 FFs/Latches, which will be removed : <bclk_cnt_0_0> <wclk_cnt_0> <icntr_0> 

Mapping all equations...
Building and optimizing final netlist ...
Found area constraint ratio of 100 (+ 5) on block adatiox4, actual ratio is 138.
Optimizing block <adatiox4> to meet ratio 100 (+ 5) of 1430 slices :
WARNING:Xst:2254 - Area constraint could not be met for block <adatiox4>, final ratio is 137.
FlipFlop ce12M has been replicated 1 time(s)
FlipFlop ce48k has been replicated 1 time(s)
FlipFlop wclk_cnt_1 has been replicated 7 time(s)
FlipFlop wclk_cnt_2 has been replicated 2 time(s)
FlipFlop wclk_cnt_3 has been replicated 4 time(s)
FlipFlop wclk_cnt_4 has been replicated 7 time(s)
FlipFlop wclk_cnt_6 has been replicated 15 time(s)
FlipFlop wclk_cnt_7 has been replicated 4 time(s)
FlipFlop wclk_cnt_8 has been replicated 3 time(s)

Final Macro Processing ...

Processing Unit <adatiox4> :
	Found 9-bit shift register for signal <tdmrx4/shiftreg_231>.
	Found 9-bit shift register for signal <tdmrx4/shiftreg_199>.
	Found 9-bit shift register for signal <tdmrx4/shiftreg_167>.
	Found 9-bit shift register for signal <tdmrx4/shiftreg_135>.
	Found 9-bit shift register for signal <tdmrx4/shiftreg_103>.
	Found 9-bit shift register for signal <tdmrx4/shiftreg_71>.
	Found 9-bit shift register for signal <tdmrx4/shiftreg_39>.
	Found 8-bit shift register for signal <tdmrx4/shiftreg_7>.
	Found 9-bit shift register for signal <tdmrx3/shiftreg_231>.
	Found 9-bit shift register for signal <tdmrx3/shiftreg_199>.
	Found 9-bit shift register for signal <tdmrx3/shiftreg_167>.
	Found 9-bit shift register for signal <tdmrx3/shiftreg_135>.
	Found 9-bit shift register for signal <tdmrx3/shiftreg_103>.
	Found 9-bit shift register for signal <tdmrx3/shiftreg_71>.
	Found 9-bit shift register for signal <tdmrx3/shiftreg_39>.
	Found 8-bit shift register for signal <tdmrx3/shiftreg_7>.
	Found 9-bit shift register for signal <tdmrx2/shiftreg_231>.
	Found 9-bit shift register for signal <tdmrx2/shiftreg_199>.
	Found 9-bit shift register for signal <tdmrx2/shiftreg_167>.
	Found 9-bit shift register for signal <tdmrx2/shiftreg_135>.
	Found 9-bit shift register for signal <tdmrx2/shiftreg_103>.
	Found 9-bit shift register for signal <tdmrx2/shiftreg_71>.
	Found 9-bit shift register for signal <tdmrx2/shiftreg_39>.
	Found 8-bit shift register for signal <tdmrx2/shiftreg_7>.
	Found 9-bit shift register for signal <tdmrx1/shiftreg_231>.
	Found 9-bit shift register for signal <tdmrx1/shiftreg_199>.
	Found 9-bit shift register for signal <tdmrx1/shiftreg_167>.
	Found 9-bit shift register for signal <tdmrx1/shiftreg_135>.
	Found 9-bit shift register for signal <tdmrx1/shiftreg_103>.
	Found 9-bit shift register for signal <tdmrx1/shiftreg_71>.
	Found 9-bit shift register for signal <tdmrx1/shiftreg_39>.
	Found 8-bit shift register for signal <tdmrx1/shiftreg_7>.
Unit <adatiox4> processed.

=========================================================================
Final Register Report

Macro Statistics
# Registers                                            : 5212
 Flip-Flops                                            : 5212
# Shift Registers                                      : 32
 8-bit shift register                                  : 4
 9-bit shift register                                  : 28

=========================================================================

=========================================================================
*                           Partition Report                            *
=========================================================================

Partition Implementation Status
-------------------------------

  No Partitions were found in this design.

-------------------------------

=========================================================================
*                            Design Summary                             *
=========================================================================

Top Level Output File Name         : adatiox4.ngc

Primitive and Black Box Usage:
------------------------------
# BELS                             : 2591
#      GND                         : 1
#      INV                         : 2
#      LUT1                        : 8
#      LUT2                        : 38
#      LUT3                        : 800
#      LUT4                        : 528
#      LUT5                        : 956
#      LUT6                        : 241
#      MUXCY                       : 8
#      VCC                         : 1
#      XORCY                       : 8
# FlipFlops/Latches                : 5284
#      FD                          : 54
#      FDE                         : 804
#      FDR                         : 998
#      FDRE                        : 3428
# Shift Registers                  : 32
#      SRLC16E                     : 32
# Clock Buffers                    : 1
#      BUFGP                       : 1
# IO Buffers                       : 19
#      IBUF                        : 9
#      OBUF                        : 10

Device utilization summary:
---------------------------

Selected Device : 6slx9tqg144-3 


Slice Logic Utilization: 
 Number of Slice Registers:            5284  out of  11440    46%  
 Number of Slice LUTs:                 2605  out of   5720    45%  
    Number used as Logic:              2573  out of   5720    44%  
    Number used as Memory:               32  out of   1440     2%  
       Number used as SRL:               32

Slice Logic Distribution: 
 Number of LUT Flip Flop pairs used:   5906
   Number with an unused Flip Flop:     622  out of   5906    10%  
   Number with an unused LUT:          3301  out of   5906    55%  
   Number of fully used LUT-FF pairs:  1983  out of   5906    33%  
   Number of unique control sets:        11

IO Utilization: 
 Number of IOs:                          20
 Number of bonded IOBs:                  20  out of    102    19%  

Specific Feature Utilization:
 Number of BUFG/BUFGCTRLs:                1  out of     16     6%  

---------------------------
Partition Resource Summary:
---------------------------

  No Partitions were found in this design.

---------------------------


=========================================================================
Timing Report

NOTE: THESE TIMING NUMBERS ARE ONLY A SYNTHESIS ESTIMATE.
      FOR ACCURATE TIMING INFORMATION PLEASE REFER TO THE TRACE REPORT
      GENERATED AFTER PLACE-and-ROUTE.

Clock Information:
------------------
-----------------------------------+------------------------+-------+
Clock Signal                       | Clock buffer(FF name)  | Load  |
-----------------------------------+------------------------+-------+
clk                                | BUFGP                  | 5316  |
-----------------------------------+------------------------+-------+

Asynchronous Control Signals Information:
----------------------------------------
No asynchronous control signals found in this design

Timing Summary:
---------------
Speed Grade: -3

   Minimum period: 5.169ns (Maximum Frequency: 193.470MHz)
   Minimum input arrival time before clock: 7.165ns
   Maximum output required time after clock: 3.950ns
   Maximum combinational path delay: No path found

Timing Details:
---------------
All values displayed in nanoseconds (ns)

=========================================================================
Timing constraint: Default period analysis for Clock 'clk'
  Clock period: 5.169ns (frequency: 193.470MHz)
  Total number of paths / destination ports: 34338 / 9575
-------------------------------------------------------------------------
Delay:               5.169ns (Levels of Logic = 3)
  Source:            bclk (FF)
  Destination:       adattx3/adatFrame_24 (FF)
  Source Clock:      clk rising
  Destination Clock: clk rising

  Data Path: bclk to adattx3/adatFrame_24
                                Gate     Net
    Cell:in->out      fanout   Delay   Delay  Logical Name (Net Name)
    ----------------------------------------  ------------
     FDR:C->Q             13   0.447   1.037  bclk (bclk_OBUF)
     LUT5:I3->O           97   0.203   1.858  adattx4/out11_2 (adattx4/out111)
     LUT6:I5->O           11   0.205   1.111  adattx4/GND_6_o_PWR_6_o_select_11_OUT<26>_SW0_SW0 (N255)
     LUT6:I3->O            1   0.205   0.000  adattx3/GND_6_o_PWR_6_o_select_11_OUT<6> (adattx3/GND_6_o_PWR_6_o_select_11_OUT<24>)
     FDRE:D                    0.102          adattx3/adatFrame_24
    ----------------------------------------
    Total                      5.169ns (1.162ns logic, 4.007ns route)
                                       (22.5% logic, 77.5% route)

=========================================================================
Timing constraint: Default OFFSET IN BEFORE for Clock 'clk'
  Total number of paths / destination ports: 5264 / 5260
-------------------------------------------------------------------------
Offset:              7.165ns (Levels of Logic = 2)
  Source:            rst (PAD)
  Destination:       adatrx4/chn8_23 (FF)
  Destination Clock: clk rising

  Data Path: rst to adatrx4/chn8_23
                                Gate     Net
    Cell:in->out      fanout   Delay   Delay  Logical Name (Net Name)
    ----------------------------------------  ------------
     IBUF:I->O          4455   1.222   3.265  rst_IBUF (rst_IBUF)
     LUT3:I0->O          768   0.205   2.151  adatrx1/_n0229_inv1 (adatrx1/_n0229_inv)
     FDE:CE                    0.322          adatrx1/chn3_0
    ----------------------------------------
    Total                      7.165ns (1.749ns logic, 5.416ns route)
                                       (24.4% logic, 75.6% route)

=========================================================================
Timing constraint: Default OFFSET OUT AFTER for Clock 'clk'
  Total number of paths / destination ports: 10 / 10
-------------------------------------------------------------------------
Offset:              3.950ns (Levels of Logic = 1)
  Source:            bclk (FF)
  Destination:       bclk (PAD)
  Source Clock:      clk rising

  Data Path: bclk to bclk
                                Gate     Net
    Cell:in->out      fanout   Delay   Delay  Logical Name (Net Name)
    ----------------------------------------  ------------
     FDR:C->Q             13   0.447   0.932  bclk (bclk_OBUF)
     OBUF:I->O                 2.571          bclk_OBUF (bclk)
    ----------------------------------------
    Total                      3.950ns (3.018ns logic, 0.932ns route)
                                       (76.4% logic, 23.6% route)

=========================================================================

Cross Clock Domains Report:
--------------------------

Clock to Setup on destination clock clk
---------------+---------+---------+---------+---------+
               | Src:Rise| Src:Fall| Src:Rise| Src:Fall|
Source Clock   |Dest:Rise|Dest:Rise|Dest:Fall|Dest:Fall|
---------------+---------+---------+---------+---------+
clk            |    5.169|         |         |         |
---------------+---------+---------+---------+---------+

=========================================================================


Total REAL time to Xst completion: 15.00 secs
Total CPU time to Xst completion: 13.82 secs
 
--> 


Total memory usage is 406828 kilobytes

Number of errors   :    0 (   0 filtered)
Number of warnings :  112 (   0 filtered)
Number of infos    :   22 (   0 filtered)

