#-----------------------------------------------------------
# PlanAhead v14.7 (64-bit)
# Build 321239 by xbuild on Fri Sep 27 19:24:36 MDT 2013
# Start of session at: Sat Sep 24 19:55:48 2016
# Process ID: 4560
# Log file: /media/psf/Home/Documents/KiCAD/projekte/freeDSP/freeDSPx-ADAT-IO-x4/SOURCES/VHDL/xilinx/xc6slx9/planAhead_run_2/planAhead.log
# Journal file: /media/psf/Home/Documents/KiCAD/projekte/freeDSP/freeDSPx-ADAT-IO-x4/SOURCES/VHDL/xilinx/xc6slx9/planAhead_run_2/planAhead.jou
#-----------------------------------------------------------
start_gui
source /media/psf/Home/Documents/KiCAD/projekte/freeDSP/freeDSPx-ADAT-IO-x4/SOURCES/VHDL/xilinx/xc6slx9/pa.fromNetlist.tcl
set_property iostandard LVCMOS33 [get_ports [list adatin1]]
startgroup
set_property package_pin P142 [get_ports adatin1]
endgroup
startgroup
set_property package_pin P141 [get_ports adatout1]
endgroup
startgroup
set_property package_pin P140 [get_ports bclk]
endgroup
startgroup
set_property package_pin P134 [get_ports clk]
endgroup
startgroup
set_property package_pin P2 [get_ports rst]
endgroup
startgroup
set_property package_pin P127 [get_ports tdmin1]
endgroup
startgroup
set_property package_pin P126 [get_ports tdmout1]
endgroup
startgroup
set_property package_pin P124 [get_ports wclk]
endgroup
save_constraints
